// Jest Snapshot v1, https://goo.gl/fbAQLP

exports[`ShowDetails should match the snapshot 1`] = `
<div
  class="mt-2"
  data-test="show-details"
>
  <h1
    data-test="show-details-name"
  >
    Under the Dome
  </h1>
   
  <b-container-stub
    class="m-0 p-0"
    fluid=""
  >
    <b-row-stub
      no-gutters=""
    >
      <b-col-stub
        cols="12"
        md="4"
      >
        <b-img-stub
          alt="Under the Dome"
          class="w-100"
          data-test="show-details-image"
          fluid=""
          src="http://static.tvmaze.com/uploads/images/medium_portrait/81/202627.jpg"
        />
      </b-col-stub>
       
      <b-col-stub
        class="pl-md-3"
        cols="12"
        md="8"
      >
        <h3
          class="mb-2 mt-2 mt-md-0"
        >
          Details
        </h3>
         
        <p>
          <strong
            class="mr-1"
          >
            Language:
          </strong>
           
          <b-badge-stub
            class="d-inline-block"
          >
            English
          </b-badge-stub>
        </p>
         
        <p>
          <strong>
            Network:
          </strong>
           United States / CBS
          
        </p>
         
        <p>
          <strong>
            Schedule:
          </strong>
          
            Thursday at 22:00
          
        </p>
         
        <p>
          <strong
            class="mr-1"
          >
            Links:
          </strong>
           
          <a
            class="mr-2"
            href="http://www.cbs.com/shows/under-the-dome/"
          >
            Official site
          </a>
           
          <a
            c=""
            href="http://www.tvmaze.com/shows/1/under-the-dome"
          >
            Tvmaze link
          </a>
        </p>
         
        <p>
          <strong>
            Rating: 
          </strong>
           
          <b-icon-stub
            class="mr-1"
            font-scale="1"
            icon="star-fill"
            variant="warning"
          />
          
            6.5
          
        </p>
         
        <div
          class="mb-1"
        >
          <strong
            class="mr-1"
          >
            Genres:
          </strong>
           
          <div
            class="d-inline-block"
          >
            <b-badge-stub
              class="mr-1"
            >
              Drama
            </b-badge-stub>
            <b-badge-stub
              class="mr-1"
            >
              Science-Fiction
            </b-badge-stub>
            <b-badge-stub
              class="mr-1"
            >
              Thriller
            </b-badge-stub>
          </div>
        </div>
         
        <p>
          <strong
            class="mr-1"
          >
            Premiere:
          </strong>
          24-06-2013
          
        </p>
         
        <p>
          <strong>
            Status:
          </strong>
           Ended
        </p>
         
        <p>
          <p>
            <b>
              Under the Dome
            </b>
             is the story of a small town that is suddenly and inexplicably sealed off from the rest of the world by an enormous transparent dome. The town's inhabitants must deal with surviving the post-apocalyptic conditions while searching for answers about the dome, where it came from and if and when it will go away.
          </p>
        </p>
      </b-col-stub>
    </b-row-stub>
  </b-container-stub>
</div>
`;
