// Jest Snapshot v1, https://goo.gl/fbAQLP

exports[`Search component render snapshot correctly 1`] = `
<b-form-stub onreset="function() {
        return fn.apply(this, arguments);
      }">
  <b-container-stub fluid="" no-gutters="" class="searchContainer py-0 px-0 bg-white">
    <b-row-stub no-gutters="" class="d-flex w-100">
      <b-col-stub cols="12">
        <div class="search__wrap d-flex align-items-center border rounded p-1 bg-light">
          <b-icon-stub icon="search" variant="dark" font-scale="1" class="d-flex mx-2"></b-icon-stub>
          <b-form-input-stub value="text" type="text" placeholder="Search by name" data-test="search-input" class="searchInput pl-2 pr-2 pb-0 pt-0"></b-form-input-stub> <button type="button" aria-label="Close" data-test="search-btn-close" class="search__btn-close ml-2"><span aria-hidden="true">Ã—</span></button>
        </div>
      </b-col-stub>
      <!---->
    </b-row-stub>
  </b-container-stub>
</b-form-stub>
`;
